[
   {
      "[[ ]] < [[ ]]": false,
      "[[ ]] <= [[ ]]": true,
      "[[ ]] > [[ ]]": false,
      "[[ ]] >= [[ ]]": true
   },
   {
      "[[ ]] < [[1, 2]]": true,
      "[[ ]] <= [[1, 2]]": true,
      "[[ ]] > [[1, 2]]": false,
      "[[ ]] >= [[1, 2]]": false
   },
   {
      "[[ ]] < [[1], [2]]": true,
      "[[ ]] <= [[1], [2]]": true,
      "[[ ]] > [[1], [2]]": false,
      "[[ ]] >= [[1], [2]]": false
   },
   {
      "[[ ]] < [[1, 2], [ ]]": true,
      "[[ ]] <= [[1, 2], [ ]]": true,
      "[[ ]] > [[1, 2], [ ]]": false,
      "[[ ]] >= [[1, 2], [ ]]": false
   },
   {
      "[[1, 2]] < [[ ]]": false,
      "[[1, 2]] <= [[ ]]": false,
      "[[1, 2]] > [[ ]]": true,
      "[[1, 2]] >= [[ ]]": true
   },
   {
      "[[1, 2]] < [[1, 2]]": false,
      "[[1, 2]] <= [[1, 2]]": true,
      "[[1, 2]] > [[1, 2]]": false,
      "[[1, 2]] >= [[1, 2]]": true
   },
   {
      "[[1, 2]] < [[1], [2]]": false,
      "[[1, 2]] <= [[1], [2]]": false,
      "[[1, 2]] > [[1], [2]]": true,
      "[[1, 2]] >= [[1], [2]]": true
   },
   {
      "[[1, 2]] < [[1, 2], [ ]]": true,
      "[[1, 2]] <= [[1, 2], [ ]]": true,
      "[[1, 2]] > [[1, 2], [ ]]": false,
      "[[1, 2]] >= [[1, 2], [ ]]": false
   },
   {
      "[[1], [2]] < [[ ]]": false,
      "[[1], [2]] <= [[ ]]": false,
      "[[1], [2]] > [[ ]]": true,
      "[[1], [2]] >= [[ ]]": true
   },
   {
      "[[1], [2]] < [[1, 2]]": true,
      "[[1], [2]] <= [[1, 2]]": true,
      "[[1], [2]] > [[1, 2]]": false,
      "[[1], [2]] >= [[1, 2]]": false
   },
   {
      "[[1], [2]] < [[1], [2]]": false,
      "[[1], [2]] <= [[1], [2]]": true,
      "[[1], [2]] > [[1], [2]]": false,
      "[[1], [2]] >= [[1], [2]]": true
   },
   {
      "[[1], [2]] < [[1, 2], [ ]]": true,
      "[[1], [2]] <= [[1, 2], [ ]]": true,
      "[[1], [2]] > [[1, 2], [ ]]": false,
      "[[1], [2]] >= [[1, 2], [ ]]": false
   },
   {
      "[[1, 2], [ ]] < [[ ]]": false,
      "[[1, 2], [ ]] <= [[ ]]": false,
      "[[1, 2], [ ]] > [[ ]]": true,
      "[[1, 2], [ ]] >= [[ ]]": true
   },
   {
      "[[1, 2], [ ]] < [[1, 2]]": false,
      "[[1, 2], [ ]] <= [[1, 2]]": false,
      "[[1, 2], [ ]] > [[1, 2]]": true,
      "[[1, 2], [ ]] >= [[1, 2]]": true
   },
   {
      "[[1, 2], [ ]] < [[1], [2]]": false,
      "[[1, 2], [ ]] <= [[1], [2]]": false,
      "[[1, 2], [ ]] > [[1], [2]]": true,
      "[[1, 2], [ ]] >= [[1], [2]]": true
   },
   {
      "[[1, 2], [ ]] < [[1, 2], [ ]]": false,
      "[[1, 2], [ ]] <= [[1, 2], [ ]]": true,
      "[[1, 2], [ ]] > [[1, 2], [ ]]": false,
      "[[1, 2], [ ]] >= [[1, 2], [ ]]": true
   }
]
