RUNTIME ERROR: Max stack frames exceeded.
	error.obj_recursive.jsonnet:17:5-8	object <anonymous>
	error.obj_recursive.jsonnet:17:5-8	object <anonymous>
	error.obj_recursive.jsonnet:17:5-8	object <anonymous>
	error.obj_recursive.jsonnet:17:5-8	object <anonymous>
	error.obj_recursive.jsonnet:17:5-8	object <anonymous>
	error.obj_recursive.jsonnet:17:5-8	object <anonymous>
	error.obj_recursive.jsonnet:17:5-8	object <anonymous>
	error.obj_recursive.jsonnet:17:5-8	object <anonymous>
	error.obj_recursive.jsonnet:17:5-8	object <anonymous>
	error.obj_recursive.jsonnet:17:5-8	object <anonymous>
	...
	error.obj_recursive.jsonnet:17:5-8	object <anonymous>
	error.obj_recursive.jsonnet:17:5-8	object <anonymous>
	error.obj_recursive.jsonnet:17:5-8	object <anonymous>
	error.obj_recursive.jsonnet:17:5-8	object <anonymous>
	error.obj_recursive.jsonnet:17:5-8	object <anonymous>
	error.obj_recursive.jsonnet:17:5-8	object <anonymous>
	error.obj_recursive.jsonnet:17:5-8	object <anonymous>
	error.obj_recursive.jsonnet:17:5-8	object <anonymous>
	error.obj_recursive.jsonnet:17:5-8	object <anonymous>
	During manifestation	
