RUNTIME ERROR: Not enough values to format: 1, expected more than 1
	std.jsonnet:<stdlib_position_redacted>	thunk <val>
	std.jsonnet:<stdlib_position_redacted>	thunk <val>
	std.jsonnet:<stdlib_position_redacted>	
	std.jsonnet:<stdlib_position_redacted>	thunk <a>
	std.jsonnet:<stdlib_position_redacted>	function <anonymous>
	std.jsonnet:<stdlib_position_redacted>	function <format_code>
	std.jsonnet:<stdlib_position_redacted>	thunk <s>
	std.jsonnet:<stdlib_position_redacted>	thunk <str>
	std.jsonnet:<stdlib_position_redacted>	
	std.jsonnet:<stdlib_position_redacted>	thunk <w>
	...
	std.jsonnet:<stdlib_position_redacted>	function <aux>
	std.jsonnet:<stdlib_position_redacted>	function <padding>
	std.jsonnet:<stdlib_position_redacted>	function <pad_left>
	std.jsonnet:<stdlib_position_redacted>	thunk <s_padded>
	std.jsonnet:<stdlib_position_redacted>	thunk <v>
	std.jsonnet:<stdlib_position_redacted>	function <format_codes_arr>
	std.jsonnet:<stdlib_position_redacted>	function <format_codes_arr>
	std.jsonnet:<stdlib_position_redacted>	function <anonymous>
	std.jsonnet:<stdlib_position_redacted>	function <anonymous>
	error.format.too_few_values.jsonnet:1:1-18	
