RUNTIME ERROR: foobar
	error.inside_equals_object.jsonnet:18:22-35	object <b>
	std.jsonnet:869:58-61	thunk <b>
	std.jsonnet:843:25	thunk <x>
	std.jsonnet:843:16-26	thunk <tb>
	std.jsonnet:844:33-34	thunk <b>
	std.jsonnet:844:9-35	function <anonymous>
	std.jsonnet:869:50-61	function <aux>
	std.jsonnet:872:25-40	function <aux>
	std.jsonnet:873:17-28	function <anonymous>
	error.inside_equals_object.jsonnet:19:1-6	
