RUNTIME ERROR: foobar
	error.inside_equals_array.jsonnet:18:18-31	thunk <array_element>
	std.jsonnet:869:37-40	thunk <b>
	std.jsonnet:857:25	thunk <x>
	std.jsonnet:857:16-26	thunk <tb>
	std.jsonnet:858:33-34	thunk <b>
	std.jsonnet:858:9-35	function <anonymous>
	std.jsonnet:869:29-40	function <aux>
	std.jsonnet:872:25-40	function <aux>
	std.jsonnet:873:17-28	function <anonymous>
	error.inside_equals_array.jsonnet:19:1-6	
