RUNTIME ERROR: Object assertion failed.
	error.invariant.equality.jsonnet:17:10-14	thunk <object_assert>
	std.jsonnet:942:54-57	thunk <a>
	std.jsonnet:915:29	thunk <x>
	std.jsonnet:915:20-30	thunk <ta>
	std.jsonnet:917:33-34	thunk <a>
	std.jsonnet:917:13-39	function <anonymous>
	std.jsonnet:942:54-65	function <aux>
	std.jsonnet:946:21-32	function <anonymous>
	error.invariant.equality.jsonnet:17:1-32	
